[42-cursus.gitbook.io/guide.html]
[backblue.gif]
[fade.gif]
[index.html]
[42-cursus.gitbook.io/guide/_gitbook/icon31fa.png]
[42-cursus.gitbook.io/guide/_gitbook/icon01dc.png]
[42-cursus.gitbook.io/guide/useful-tools.html]
[42-cursus.gitbook.io/guide/useful-tools/header-files.html]
[42-cursus.gitbook.io/guide/useful-tools/c-structures.html]
[42-cursus.gitbook.io/guide/useful-tools/linked-lists-todo.html]
[42-cursus.gitbook.io/guide/useful-tools/makefiles.html]
[42-cursus.gitbook.io/guide/useful-tools/switch-statement.html]
[42-cursus.gitbook.io/guide/useful-tools/file-descriptors-fd.html]
[42-cursus.gitbook.io/guide/minilibx.html]
[42-cursus.gitbook.io/guide/minilibx/minilibx-helper-function.html]
[42-cursus.gitbook.io/guide/minilibx/minilibx-hook-examples.html]
[42-cursus.gitbook.io/guide/rank-00/libft.html]
[42-cursus.gitbook.io/guide/rank-00/libft/libc-functions.html]
[42-cursus.gitbook.io/guide/rank-00/libft/libc-functions/ft_isalpha.html]
[42-cursus.gitbook.io/guide/rank-00/libft/libc-functions/ft_isdigit.html]
[42-cursus.gitbook.io/guide/rank-00/libft/libc-functions/ft_isalnum.html]
[42-cursus.gitbook.io/guide/rank-00/libft/libc-functions/ft_isascii.html]
[42-cursus.gitbook.io/guide/rank-00/libft/libc-functions/ft_isprint.html]
[42-cursus.gitbook.io/guide/rank-00/libft/libc-functions/ft_strlen.html]
[42-cursus.gitbook.io/guide/rank-00/libft/libc-functions/ft_memset.html]
[42-cursus.gitbook.io/guide/rank-00/libft/libc-functions/ft_bzero.html]
[42-cursus.gitbook.io/guide/rank-00/libft/libc-functions/ft_memcpy.html]
[42-cursus.gitbook.io/guide/rank-00/libft/libc-functions/ft_memmove.html]
[42-cursus.gitbook.io/guide/rank-00/libft/libc-functions/ft_strlcpy.html]
[42-cursus.gitbook.io/guide/rank-00/libft/libc-functions/ft_strlcat.html]
[42-cursus.gitbook.io/guide/rank-00/libft/libc-functions/ft_toupper.html]
[42-cursus.gitbook.io/guide/rank-00/libft/libc-functions/ft_tolower.html]
[42-cursus.gitbook.io/guide/rank-00/libft/libc-functions/ft_strchr.html]
[42-cursus.gitbook.io/guide/rank-00/libft/libc-functions/ft_strrchr.html]
[42-cursus.gitbook.io/guide/rank-00/libft/libc-functions/ft_strncmp.html]
[42-cursus.gitbook.io/guide/rank-00/libft/libc-functions/ft_memchr.html]
[42-cursus.gitbook.io/guide/rank-00/libft/libc-functions/ft_memcmp.html]
[42-cursus.gitbook.io/guide/rank-00/libft/libc-functions/ft_strnstr.html]
[42-cursus.gitbook.io/guide/rank-00/libft/libc-functions/ft_atoi.html]
[42-cursus.gitbook.io/guide/rank-00/libft/libc-functions/ft_calloc.html]
[42-cursus.gitbook.io/guide/rank-00/libft/libc-functions/ft_strdup.html]
[42-cursus.gitbook.io/guide/rank-00/libft/additional-functions.html]
[42-cursus.gitbook.io/guide/rank-00/libft/additional-functions/ft_substr.html]
[42-cursus.gitbook.io/guide/rank-00/libft/additional-functions/ft_strjoin.html]
[42-cursus.gitbook.io/guide/rank-00/libft/additional-functions/ft_strtrim.html]
[42-cursus.gitbook.io/guide/rank-00/libft/additional-functions/ft_split.html]
[42-cursus.gitbook.io/guide/rank-00/libft/additional-functions/ft_itoa.html]
[42-cursus.gitbook.io/guide/rank-00/libft/additional-functions/ft_strmapi.html]
[42-cursus.gitbook.io/guide/rank-00/libft/additional-functions/ft_striteri.html]
[42-cursus.gitbook.io/guide/rank-00/libft/additional-functions/ft_putchar_fd.html]
[42-cursus.gitbook.io/guide/rank-00/libft/additional-functions/ft_putstr_fd.html]
[42-cursus.gitbook.io/guide/rank-00/libft/additional-functions/ft_putendl_fd.html]
[42-cursus.gitbook.io/guide/rank-00/libft/additional-functions/ft_putnbr_fd.html]
[42-cursus.gitbook.io/guide/rank-00/libft/bonus-functions.html]
[42-cursus.gitbook.io/guide/rank-00/libft/bonus-functions/ft_lstnew.html]
[42-cursus.gitbook.io/guide/rank-00/libft/bonus-functions/ft_lstadd_front.html]
[42-cursus.gitbook.io/guide/rank-00/libft/bonus-functions/ft_lstsize.html]
[42-cursus.gitbook.io/guide/rank-00/libft/bonus-functions/ft_lstlast.html]
[42-cursus.gitbook.io/guide/rank-00/libft/bonus-functions/ft_lstadd_back.html]
[42-cursus.gitbook.io/guide/rank-00/libft/bonus-functions/ft_lstdelone.html]
[42-cursus.gitbook.io/guide/rank-00/libft/bonus-functions/ft_lstclear.html]
[42-cursus.gitbook.io/guide/rank-00/libft/bonus-functions/ft_lstiter.html]
[42-cursus.gitbook.io/guide/rank-00/libft/bonus-functions/ft_lstmap.html]
[42-cursus.gitbook.io/guide/rank-01/born2beroot.html]
[42-cursus.gitbook.io/guide/rank-01/born2beroot/whats-a-virtual-machine.html]
[42-cursus.gitbook.io/guide/rank-01/born2beroot/install-your-virtual-machine.html]
[42-cursus.gitbook.io/guide/rank-01/born2beroot/p2p-evaluation-questions.html]
[42-cursus.gitbook.io/guide/rank-01/ft_printf.html]
[42-cursus.gitbook.io/guide/rank-01/ft_printf/variadic-functions.html]
[42-cursus.gitbook.io/guide/rank-01/ft_printf/building-the-thing.html]
[42-cursus.gitbook.io/guide/rank-01/get_next_line.html]
[42-cursus.gitbook.io/guide/rank-01/get_next_line/open-and-read.html]
[42-cursus.gitbook.io/guide/rank-01/get_next_line/static-variables.html]
[42-cursus.gitbook.io/guide/rank-01/get_next_line/building-the-thing.html]
[42-cursus.gitbook.io/guide/rank-01/get_next_line/commented-solution.html]
[42-cursus.gitbook.io/guide/rank-02/so_long.html]
[42-cursus.gitbook.io/guide/rank-02/so_long/understand-so_long.html]
[42-cursus.gitbook.io/guide/rank-02/so_long/core-concepts.html]
[42-cursus.gitbook.io/guide/rank-02/so_long/building-the-thing.html]
[42-cursus.gitbook.io/guide/rank-02/pipex.html]
[42-cursus.gitbook.io/guide/rank-02/pipex/understand-pipex.html]
[42-cursus.gitbook.io/guide/rank-02/pipex/functions-used.html]
[42-cursus.gitbook.io/guide/rank-02/pipex/building-the-thing.html]
[42-cursus.gitbook.io/guide/rank-02/minitalk.html]
[42-cursus.gitbook.io/guide/rank-02/minitalk/understand-minitalk.html]
[42-cursus.gitbook.io/guide/rank-02/minitalk/functions-used.html]
[42-cursus.gitbook.io/guide/rank-02/minitalk/building-the-thing.html]
[42-cursus.gitbook.io/guide/rank-02/push_swap.html]
[42-cursus.gitbook.io/guide/rank-02/push_swap/algorithms.html]
[42-cursus.gitbook.io/guide/rank-02/push_swap/building-the-thing.html]
[42-cursus.gitbook.io/guide/rank-02/fdf.html]
[42-cursus.gitbook.io/guide/rank-02/fdf/understand-fdf.html]
[42-cursus.gitbook.io/guide/rank-02/fdf/graphics-programming.html]
[42-cursus.gitbook.io/guide/rank-02/fdf/building-the-thing.html]
[42-cursus.gitbook.io/guide/rank-03/philosophers.html]
[42-cursus.gitbook.io/guide/rank-03/philosophers/understand-philosophers.html]
[42-cursus.gitbook.io/guide/rank-03/philosophers/functions-used.html]
[42-cursus.gitbook.io/guide/rank-03/philosophers/building-the-thing.html]
[42-cursus.gitbook.io/guide/rank-03/minishell.html]
[42-cursus.gitbook.io/guide/rank-03/minishell/understand-minishell.html]
[42-cursus.gitbook.io/guide/rank-03/minishell/functions.html]
[42-cursus.gitbook.io/guide/rank-03/minishell/building-the-thing.html]
[42-cursus.gitbook.io/guide/rank-04/cpp-00-04-doing.html]
[42-cursus.gitbook.io/guide/rank-04/cpp-00-04-doing/cpp00.html]
[42-cursus.gitbook.io/guide/rank-04/cpp-00-04-doing/cpp01.html]
[42-cursus.gitbook.io/guide/rank-04/cpp-00-04-doing/cpp02.html]
[42-cursus.gitbook.io/guide/rank-04/cpp-00-04-doing/cpp03.html]
[42-cursus.gitbook.io/guide/rank-04/cpp-00-04-doing/cpp04-doing.html]
[42-cursus.gitbook.io/guide/rank-04/netpractice.html]
[42-cursus.gitbook.io/guide/rank-04/netpractice/theory.html]
[42-cursus.gitbook.io/guide/rank-04/netpractice/level-1-and-2.html]
[42-cursus.gitbook.io/guide/rank-04/minirt.html]
[42-cursus.gitbook.io/guide/rank-04/minirt/understand-minirt.html]
[42-cursus.gitbook.io/guide/rank-04/minirt/building-the-thing.html]
[42-cursus.gitbook.io/guide/rank-05/cpp-05-09-to-do.html]
[42-cursus.gitbook.io/guide/rank-05/cpp-05-09-to-do/cpp05.html]
[42-cursus.gitbook.io/guide/rank-05/cpp-05-09-to-do/cpp06-to-do.html]
[42-cursus.gitbook.io/guide/rank-05/cpp-05-09-to-do/cpp07.html]
[42-cursus.gitbook.io/guide/rank-05/cpp-05-09-to-do/cpp08-to-do.html]
[42-cursus.gitbook.io/guide/rank-05/cpp-05-09-to-do/cpp09-to-do.html]
[42-cursus.gitbook.io/guide/rank-05/inception-doing.html]
[42-cursus.gitbook.io/guide/rank-05/inception-doing/the-basics-docker-images-etc...html]
[42-cursus.gitbook.io/guide/rank-05/inception-doing/project-files.html]
[42-cursus.gitbook.io/guide/rank-05/webserv-to-do.html]
[42-cursus.gitbook.io/guide/rank-06/ft_transcendence-to-do.html]
[42-cursus.gitbook.io/guide/exams/exam-rank-02.html]
[42-cursus.gitbook.io/guide/exams/exam-rank-02/level-1.html]
[42-cursus.gitbook.io/guide/exams/exam-rank-02/level-1/first_word.html]
[42-cursus.gitbook.io/guide/exams/exam-rank-02/level-1/fizz_buzz.html]
[42-cursus.gitbook.io/guide/exams/exam-rank-02/level-1/ft_putstr.html]
[42-cursus.gitbook.io/guide/exams/exam-rank-02/level-1/ft_strlen.html]
[42-cursus.gitbook.io/guide/exams/exam-rank-02/level-1/ft_strcpy.html]
[42-cursus.gitbook.io/guide/exams/exam-rank-02/level-1/ft_swap.html]
[42-cursus.gitbook.io/guide/exams/exam-rank-02/level-1/repeat_alpha.html]
[42-cursus.gitbook.io/guide/exams/exam-rank-02/level-1/rev_print.html]
[42-cursus.gitbook.io/guide/exams/exam-rank-02/level-1/rot_13.html]
[42-cursus.gitbook.io/guide/exams/exam-rank-02/level-1/rotone.html]
[42-cursus.gitbook.io/guide/exams/exam-rank-02/level-1/search_and_replace.html]
[42-cursus.gitbook.io/guide/exams/exam-rank-02/level-1/ulstr.html]
[42-cursus.gitbook.io/guide/exams/exam-rank-02/level-2.html]
[42-cursus.gitbook.io/guide/exams/exam-rank-02/level-2/alpha_mirror.html]
[42-cursus.gitbook.io/guide/exams/exam-rank-02/level-2/camel_to_snake.html]
[42-cursus.gitbook.io/guide/exams/exam-rank-02/level-2/do_op.html]
[42-cursus.gitbook.io/guide/exams/exam-rank-02/level-2/ft_atoi.html]
[42-cursus.gitbook.io/guide/exams/exam-rank-02/level-2/ft_strcmp.html]
[42-cursus.gitbook.io/guide/exams/exam-rank-02/level-2/ft_strcspn.html]
[42-cursus.gitbook.io/guide/exams/exam-rank-02/level-2/ft_strspn.html]
[42-cursus.gitbook.io/guide/exams/exam-rank-02/level-2/ft_strdup.html]
[42-cursus.gitbook.io/guide/exams/exam-rank-02/level-2/ft_strpbrk.html]
[42-cursus.gitbook.io/guide/exams/exam-rank-02/level-2/ft_strrev.html]
[42-cursus.gitbook.io/guide/exams/exam-rank-02/level-2/inter.html]
[42-cursus.gitbook.io/guide/exams/exam-rank-02/level-2/last_word.html]
[42-cursus.gitbook.io/guide/exams/exam-rank-02/level-2/ft_is_power_2.html]
[42-cursus.gitbook.io/guide/exams/exam-rank-02/level-2/max.html]
[42-cursus.gitbook.io/guide/exams/exam-rank-02/level-2/print_bits.html]
[42-cursus.gitbook.io/guide/exams/exam-rank-02/level-2/reverse_bits.html]
[42-cursus.gitbook.io/guide/exams/exam-rank-02/level-2/wdmatch.html]
[42-cursus.gitbook.io/guide/exams/exam-rank-02/level-2/swap_bits.html]
[42-cursus.gitbook.io/guide/exams/exam-rank-02/level-2/union.html]
[42-cursus.gitbook.io/guide/exams/exam-rank-02/level-2/snake_to_camel.html]
[42-cursus.gitbook.io/guide/exams/exam-rank-02/level-3.html]
[42-cursus.gitbook.io/guide/exams/exam-rank-02/level-3/add_prime_sum.html]
[42-cursus.gitbook.io/guide/exams/exam-rank-02/level-3/epur_str.html]
[42-cursus.gitbook.io/guide/exams/exam-rank-02/level-3/expand_str.html]
[42-cursus.gitbook.io/guide/exams/exam-rank-02/level-3/ft_atoi_base.html]
[42-cursus.gitbook.io/guide/exams/exam-rank-02/level-3/ft_list_size.html]
[42-cursus.gitbook.io/guide/exams/exam-rank-02/level-3/ft_range.html]
[42-cursus.gitbook.io/guide/exams/exam-rank-02/level-3/ft_rrange.html]
[42-cursus.gitbook.io/guide/exams/exam-rank-02/level-3/hidenp.html]
[42-cursus.gitbook.io/guide/exams/exam-rank-02/level-3/lcm.html]
[42-cursus.gitbook.io/guide/exams/exam-rank-02/level-3/paramsum.html]
[42-cursus.gitbook.io/guide/exams/exam-rank-02/level-3/pgcd.html]
[42-cursus.gitbook.io/guide/exams/exam-rank-02/level-3/print_hex.html]
[42-cursus.gitbook.io/guide/exams/exam-rank-02/level-3/rstr_capitalizer.html]
[42-cursus.gitbook.io/guide/exams/exam-rank-02/level-3/str_capitalizer.html]
[42-cursus.gitbook.io/guide/exams/exam-rank-02/level-3/tab_mult.html]
[42-cursus.gitbook.io/guide/exams/exam-rank-02/level-4.html]
[42-cursus.gitbook.io/guide/exams/exam-rank-02/level-4/flood_fil.html]
[42-cursus.gitbook.io/guide/exams/exam-rank-03.html]
[42-cursus.gitbook.io/guide/exams/exam-rank-04.html]
[42-cursus.gitbook.io/guide/exams/exam-rank-05.html]
[42-cursus.gitbook.io/guide/exams/exam-rank-05/module-0.html]
[42-cursus.gitbook.io/guide/team.html]
[42-cursus.gitbook.io/guide/rocket-loader.min.html]
[42-cursus.gitbook.io/guide/_gitbook/icon8fae.png]
[42-cursus.gitbook.io/guide.html]
[42-cursus.gitbook.io/guide/useful-tools.html]
[42-cursus.gitbook.io/guide/useful-tools/header-files.html]
[42-cursus.gitbook.io/guide/useful-tools/c-structures.html]
[42-cursus.gitbook.io/guide/useful-tools/linked-lists-todo.html]
[42-cursus.gitbook.io/guide/useful-tools/makefiles.html]
[42-cursus.gitbook.io/guide/useful-tools/switch-statement.html]
[42-cursus.gitbook.io/guide/useful-tools/file-descriptors-fd.html]
[42-cursus.gitbook.io/guide/minilibx.html]
[42-cursus.gitbook.io/guide/useful-tools/rocket-loader.min.html]
[42-cursus.gitbook.io/guide/minilibx/minilibx-helper-function.html]
[42-cursus.gitbook.io/guide/minilibx/rocket-loader.min.html]
[42-cursus.gitbook.io/_gitbook/image4377.png]
[42-cursus.gitbook.io/guide/minilibx/minilibx-hook-examples.html]
[42-cursus.gitbook.io/guide/rank-00/rocket-loader.min.html]
[42-cursus.gitbook.io/guide/rank-00/libft.html]
[42-cursus.gitbook.io/guide/rank-00.html]
[42-cursus.gitbook.io/guide/rank-00/libft/libc-functions.html]
[42-cursus.gitbook.io/guide/rank-00/libft/rocket-loader.min.html]
[42-cursus.gitbook.io/guide/rank-00/libft/libc-functions/ft_isalpha.html]
[42-cursus.gitbook.io/guide/rank-00/libft/libc-functions/ft_isdigit.html]
[42-cursus.gitbook.io/guide/rank-00/libft/libc-functions/ft_isalnum.html]
[42-cursus.gitbook.io/guide/rank-00/libft/libc-functions/ft_isascii.html]
[42-cursus.gitbook.io/guide/rank-00/libft/libc-functions/ft_isprint.html]
[42-cursus.gitbook.io/guide/rank-00/libft/libc-functions/ft_strlen.html]
[42-cursus.gitbook.io/guide/rank-00/libft/libc-functions/ft_memset.html]
[42-cursus.gitbook.io/guide/rank-00/libft/libc-functions/ft_bzero.html]
[42-cursus.gitbook.io/guide/rank-00/libft/libc-functions/ft_memcpy.html]
[42-cursus.gitbook.io/guide/rank-00/libft/libc-functions/ft_memmove.html]
[42-cursus.gitbook.io/guide/rank-00/libft/libc-functions/ft_strlcpy.html]
[42-cursus.gitbook.io/guide/rank-00/libft/libc-functions/ft_strlcat.html]
[42-cursus.gitbook.io/guide/rank-00/libft/libc-functions/ft_toupper.html]
[42-cursus.gitbook.io/guide/rank-00/libft/libc-functions/ft_tolower.html]
[42-cursus.gitbook.io/guide/rank-00/libft/libc-functions/ft_strchr.html]
[42-cursus.gitbook.io/guide/rank-00/libft/libc-functions/ft_strrchr.html]
[42-cursus.gitbook.io/guide/rank-00/libft/libc-functions/ft_strncmp.html]
[42-cursus.gitbook.io/guide/rank-00/libft/libc-functions/ft_memchr.html]
[42-cursus.gitbook.io/guide/rank-00/libft/libc-functions/ft_memcmp.html]
[42-cursus.gitbook.io/guide/rank-00/libft/libc-functions/ft_strnstr.html]
[42-cursus.gitbook.io/guide/rank-00/libft/libc-functions/ft_atoi.html]
[42-cursus.gitbook.io/guide/rank-00/libft/libc-functions/ft_calloc.html]
[42-cursus.gitbook.io/guide/rank-00/libft/libc-functions/ft_strdup.html]
[42-cursus.gitbook.io/guide/rank-00/libft/additional-functions.html]
[42-cursus.gitbook.io/guide/rank-00/libft/libc-functions/rocket-loader.min.html]
[42-cursus.gitbook.io/guide/rank-00/libft/additional-functions/ft_substr.html]
[42-cursus.gitbook.io/guide/rank-00/libft/additional-functions/ft_strjoin.html]
[42-cursus.gitbook.io/guide/rank-00/libft/additional-functions/ft_strtrim.html]
[42-cursus.gitbook.io/guide/rank-00/libft/additional-functions/ft_split.html]
[42-cursus.gitbook.io/guide/rank-00/libft/additional-functions/ft_itoa.html]
[42-cursus.gitbook.io/guide/rank-00/libft/additional-functions/ft_strmapi.html]
[42-cursus.gitbook.io/guide/rank-00/libft/additional-functions/ft_striteri.html]
[42-cursus.gitbook.io/guide/rank-00/libft/additional-functions/ft_putchar_fd.html]
[42-cursus.gitbook.io/guide/rank-00/libft/additional-functions/ft_putstr_fd.html]
[42-cursus.gitbook.io/guide/rank-00/libft/additional-functions/ft_putendl_fd.html]
[42-cursus.gitbook.io/guide/rank-00/libft/additional-functions/ft_putnbr_fd.html]
[42-cursus.gitbook.io/guide/rank-00/libft/bonus-functions.html]
[42-cursus.gitbook.io/guide/rank-00/libft/additional-functions/rocket-loader.min.html]
[42-cursus.gitbook.io/guide/rank-00/libft/bonus-functions/ft_lstnew.html]
[42-cursus.gitbook.io/guide/rank-00/libft/bonus-functions/ft_lstadd_front.html]
[42-cursus.gitbook.io/guide/rank-00/libft/bonus-functions/ft_lstsize.html]
[42-cursus.gitbook.io/guide/rank-00/libft/bonus-functions/ft_lstlast.html]
[42-cursus.gitbook.io/guide/rank-00/libft/bonus-functions/ft_lstadd_back.html]
[42-cursus.gitbook.io/guide/rank-00/libft/bonus-functions/ft_lstdelone.html]
[42-cursus.gitbook.io/guide/rank-00/libft/bonus-functions/ft_lstclear.html]
[42-cursus.gitbook.io/guide/rank-00/libft/bonus-functions/ft_lstiter.html]
[42-cursus.gitbook.io/guide/rank-00/libft/bonus-functions/ft_lstmap.html]
[42-cursus.gitbook.io/guide/rank-00/libft/bonus-functions/rocket-loader.min.html]
[42-cursus.gitbook.io/guide/rank-01/rocket-loader.min.html]
[42-cursus.gitbook.io/guide/rank-01/born2beroot.html]
[42-cursus.gitbook.io/guide/rank-01.html]
[42-cursus.gitbook.io/guide/rank-01/born2beroot/rocket-loader.min.html]
[42-cursus.gitbook.io/_gitbook/imageb13a.png]
[42-cursus.gitbook.io/_gitbook/imagee860]
[42-cursus.gitbook.io/guide/rank-01/born2beroot/whats-a-virtual-machine.html]
[42-cursus.gitbook.io/guide/rank-01/born2beroot/install-your-virtual-machine.html]
[42-cursus.gitbook.io/_gitbook/imagecab5.png]
[42-cursus.gitbook.io/_gitbook/image4821.png]
[42-cursus.gitbook.io/_gitbook/image1b6a.png]
[42-cursus.gitbook.io/_gitbook/image1422.png]
[42-cursus.gitbook.io/_gitbook/image9c0a.png]
[42-cursus.gitbook.io/guide/rank-01/born2beroot/p2p-evaluation-questions.html]
[42-cursus.gitbook.io/_gitbook/image04a3.png]
[42-cursus.gitbook.io/guide/rank-01/ft_printf.html]
[42-cursus.gitbook.io/guide/rank-01/ft_printf/rocket-loader.min.html]
[42-cursus.gitbook.io/_gitbook/imagebe38.png]
[42-cursus.gitbook.io/_gitbook/image5dbc.png]
[42-cursus.gitbook.io/guide/rank-01/ft_printf/variadic-functions.html]
[42-cursus.gitbook.io/_gitbook/imageef4c.png]
[42-cursus.gitbook.io/guide/rank-01/ft_printf/building-the-thing.html]
[42-cursus.gitbook.io/guide/rank-01/get_next_line.html]
[42-cursus.gitbook.io/guide/rank-01/get_next_line/open-and-read.html]
[42-cursus.gitbook.io/guide/rank-01/get_next_line/static-variables.html]
[42-cursus.gitbook.io/guide/rank-01/get_next_line/building-the-thing.html]
[42-cursus.gitbook.io/guide/rank-01/get_next_line/commented-solution.html]
[42-cursus.gitbook.io/guide/rank-01/get_next_line/rocket-loader.min.html]
[42-cursus.gitbook.io/guide/rank-02.html]
[42-cursus.gitbook.io/guide/rank-02/so_long.html]
[42-cursus.gitbook.io/guide/rank-02/rocket-loader.min.html]
[42-cursus.gitbook.io/guide/rank-02/so_long/rocket-loader.min.html]
[42-cursus.gitbook.io/_gitbook/image0845.jpg]
[42-cursus.gitbook.io/_gitbook/image8a0a.jpg]
[42-cursus.gitbook.io/guide/rank-02/so_long/understand-so_long.html]
[42-cursus.gitbook.io/_gitbook/image5261.png]
[42-cursus.gitbook.io/_gitbook/image1626.png]
[42-cursus.gitbook.io/_gitbook/image94b1.png]
[42-cursus.gitbook.io/_gitbook/image19d6.png]
[42-cursus.gitbook.io/_gitbook/imaged370.png]
[42-cursus.gitbook.io/guide/rank-02/so_long/core-concepts.html]
[42-cursus.gitbook.io/guide/rank-02/so_long/building-the-thing.html]
[42-cursus.gitbook.io/guide/rank-02/pipex.html]
[42-cursus.gitbook.io/guide/rank-02/pipex/rocket-loader.min.html]
[42-cursus.gitbook.io/_gitbook/image7e04.png]
[42-cursus.gitbook.io/_gitbook/image9ad4.png]
[42-cursus.gitbook.io/_gitbook/image9d18.png]
[42-cursus.gitbook.io/_gitbook/image2aa0.png]
[42-cursus.gitbook.io/_gitbook/imaged41e.png]
[42-cursus.gitbook.io/_gitbook/image063e.png]
[42-cursus.gitbook.io/_gitbook/image0a5f.png]
[42-cursus.gitbook.io/_gitbook/image7a8b.png]
[42-cursus.gitbook.io/_gitbook/imageb3dc.png]
[42-cursus.gitbook.io/guide/rank-02/pipex/understand-pipex.html]
[42-cursus.gitbook.io/guide/rank-02/pipex/functions-used.html]
[42-cursus.gitbook.io/guide/rank-02/pipex/building-the-thing.html]
[42-cursus.gitbook.io/guide/rank-02/minitalk.html]
[42-cursus.gitbook.io/guide/rank-02/minitalk/rocket-loader.min.html]
[42-cursus.gitbook.io/_gitbook/image12a3]
[42-cursus.gitbook.io/_gitbook/image1958.png]
[42-cursus.gitbook.io/guide/rank-02/minitalk/understand-minitalk.html]
[42-cursus.gitbook.io/guide/rank-02/minitalk/functions-used.html]
[42-cursus.gitbook.io/guide/rank-02/minitalk/building-the-thing.html]
[42-cursus.gitbook.io/_gitbook/image36f7.png]
[42-cursus.gitbook.io/_gitbook/image297e.png]
[42-cursus.gitbook.io/_gitbook/image4154.png]
[42-cursus.gitbook.io/_gitbook/image2c02.png]
[42-cursus.gitbook.io/_gitbook/imageaba9.png]
[42-cursus.gitbook.io/guide/rank-02/push_swap.html]
[42-cursus.gitbook.io/guide/rank-02/push_swap/rocket-loader.min.html]
[42-cursus.gitbook.io/_gitbook/image1e95.jpg]
[42-cursus.gitbook.io/_gitbook/image517c.png]
[42-cursus.gitbook.io/guide/rank-02/push_swap/algorithms.html]
[42-cursus.gitbook.io/guide/rank-02/push_swap/building-the-thing.html]
[42-cursus.gitbook.io/_gitbook/image1078.png]
[42-cursus.gitbook.io/_gitbook/imageda7e.png]
[42-cursus.gitbook.io/guide/rank-02/fdf.html]
[42-cursus.gitbook.io/guide/rank-02/fdf/rocket-loader.min.html]
[42-cursus.gitbook.io/_gitbook/image0b4b.jpg]
[42-cursus.gitbook.io/guide/rank-02/fdf/understand-fdf.html]
[42-cursus.gitbook.io/guide/rank-02/fdf/graphics-programming.html]
[42-cursus.gitbook.io/guide/rank-02/fdf/building-the-thing.html]
[42-cursus.gitbook.io/guide/rank-03.html]
[42-cursus.gitbook.io/guide/rank-03/philosophers.html]
[42-cursus.gitbook.io/guide/rank-03/rocket-loader.min.html]
[42-cursus.gitbook.io/guide/rank-03/philosophers/understand-philosophers.html]
[42-cursus.gitbook.io/guide/rank-03/philosophers/functions-used.html]
[42-cursus.gitbook.io/guide/rank-03/philosophers/building-the-thing.html]
[42-cursus.gitbook.io/guide/rank-03/minishell.html]
[42-cursus.gitbook.io/guide/rank-03/philosophers/rocket-loader.min.html]
[42-cursus.gitbook.io/guide/rank-03/minishell/understand-minishell.html]
[42-cursus.gitbook.io/guide/rank-03/minishell/functions.html]
[42-cursus.gitbook.io/guide/rank-03/minishell/building-the-thing.html]
[42-cursus.gitbook.io/guide/rank-03/minishell/rocket-loader.min.html]
[42-cursus.gitbook.io/guide/rank-04.html]
[42-cursus.gitbook.io/guide/rank-04/cpp-00-04-doing.html]
[42-cursus.gitbook.io/guide/rank-04/rocket-loader.min.html]
[42-cursus.gitbook.io/guide/rank-04/cpp-00-04-doing/cpp00.html]
[42-cursus.gitbook.io/guide/rank-04/cpp-00-04-doing/cpp01.html]
[42-cursus.gitbook.io/guide/rank-04/cpp-00-04-doing/rocket-loader.min.html]
[42-cursus.gitbook.io/_gitbook/image595d.png]
[42-cursus.gitbook.io/_gitbook/image5620.png]
[42-cursus.gitbook.io/guide/rank-04/cpp-00-04-doing/cpp02.html]
[42-cursus.gitbook.io/guide/rank-04/cpp-00-04-doing/cpp03.html]
[42-cursus.gitbook.io/guide/rank-04/cpp-00-04-doing/cpp04-doing.html]
[42-cursus.gitbook.io/_gitbook/imagee583.png]
[42-cursus.gitbook.io/guide/rank-04/netpractice.html]
[42-cursus.gitbook.io/guide/rank-04/netpractice/rocket-loader.min.html]
[42-cursus.gitbook.io/_gitbook/image01d2.png]
[42-cursus.gitbook.io/guide/rank-04/netpractice/theory.html]
[42-cursus.gitbook.io/guide/rank-04/netpractice/tcp-ic-and-masks.html]
[42-cursus.gitbook.io/_gitbook/imagee9d4.png]
[42-cursus.gitbook.io/_gitbook/image13b1.png]
[42-cursus.gitbook.io/guide/rank-04/netpractice/level-1-and-2.html]
[42-cursus.gitbook.io/guide/rank-04/minirt.html]
[42-cursus.gitbook.io/guide/rank-04/minirt/rocket-loader.min.html]
[42-cursus.gitbook.io/_gitbook/imagecb0c.png]
[42-cursus.gitbook.io/_gitbook/image9a91.png]
[42-cursus.gitbook.io/guide/rank-04/minirt/understand-minirt.html]
[42-cursus.gitbook.io/_gitbook/image8321]
[42-cursus.gitbook.io/guide/rank-04/minirt/building-the-thing.html]
[42-cursus.gitbook.io/guide/rank-05.html]
[42-cursus.gitbook.io/guide/rank-05/cpp-05-09-to-do.html]
[42-cursus.gitbook.io/guide/rank-05/rocket-loader.min.html]
[42-cursus.gitbook.io/guide/rank-05/cpp-05-09-to-do/cpp05.html]
[42-cursus.gitbook.io/guide/rank-05/cpp-05-09-to-do/cpp06-to-do.html]
[42-cursus.gitbook.io/guide/rank-05/cpp-05-09-to-do/cpp07.html]
[42-cursus.gitbook.io/guide/rank-05/cpp-05-09-to-do/cpp08-to-do.html]
[42-cursus.gitbook.io/guide/rank-05/cpp-05-09-to-do/cpp09-to-do.html]
[42-cursus.gitbook.io/guide/rank-05/cpp-05-09-to-do/rocket-loader.min.html]
[42-cursus.gitbook.io/_gitbook/imagea030.png]
[42-cursus.gitbook.io/guide/rank-05/inception-doing.html]
[42-cursus.gitbook.io/guide/rank-05/inception-doing/the-basics-docker-images-etc...html]
[42-cursus.gitbook.io/guide/rank-05/inception-doing/project-files.html]
[42-cursus.gitbook.io/guide/rank-05/webserv-to-do.html]
[42-cursus.gitbook.io/guide/rank-05/inception-doing/rocket-loader.min.html]
[42-cursus.gitbook.io/guide/rank-06.html]
[42-cursus.gitbook.io/guide/rank-06/ft_transcendence-to-do.html]
[42-cursus.gitbook.io/guide/rank-06/rocket-loader.min.html]
[42-cursus.gitbook.io/guide/exams.html]
[42-cursus.gitbook.io/guide/exams/exam-rank-02.html]
[42-cursus.gitbook.io/guide/exams/rocket-loader.min.html]
[42-cursus.gitbook.io/guide/exams/exam-rank-02/level-1.html]
[42-cursus.gitbook.io/guide/exams/exam-rank-02/rocket-loader.min.html]
[42-cursus.gitbook.io/guide/exams/exam-rank-02/level-1/first_word.html]
[42-cursus.gitbook.io/guide/exams/exam-rank-02/level-1/fizz_buzz.html]
[42-cursus.gitbook.io/guide/exams/exam-rank-02/level-1/ft_putstr.html]
[42-cursus.gitbook.io/guide/exams/exam-rank-02/level-1/ft_strcpy.html]
[42-cursus.gitbook.io/guide/exams/exam-rank-02/level-1/ft_strlen.html]
[42-cursus.gitbook.io/guide/exams/exam-rank-02/level-1/ft_swap.html]
[42-cursus.gitbook.io/guide/exams/exam-rank-02/level-1/repeat_alpha.html]
[42-cursus.gitbook.io/guide/exams/exam-rank-02/level-1/rev_print.html]
[42-cursus.gitbook.io/guide/exams/exam-rank-02/level-1/rot_13.html]
[42-cursus.gitbook.io/guide/exams/exam-rank-02/level-1/rotone.html]
[42-cursus.gitbook.io/guide/exams/exam-rank-02/level-1/search_and_replace.html]
[42-cursus.gitbook.io/guide/exams/exam-rank-02/level-1/ulstr.html]
[42-cursus.gitbook.io/guide/exams/exam-rank-02/level-2.html]
[42-cursus.gitbook.io/guide/exams/exam-rank-02/level-1/rocket-loader.min.html]
[42-cursus.gitbook.io/guide/exams/exam-rank-02/level-2/alpha_mirror.html]
[42-cursus.gitbook.io/guide/exams/exam-rank-02/level-2/camel_to_snake.html]
[42-cursus.gitbook.io/guide/exams/exam-rank-02/level-2/do_op.html]
[42-cursus.gitbook.io/guide/exams/exam-rank-02/level-2/ft_atoi.html]
[42-cursus.gitbook.io/guide/exams/exam-rank-02/level-2/ft_strcmp.html]
[42-cursus.gitbook.io/guide/exams/exam-rank-02/level-2/ft_strcspn.html]
[42-cursus.gitbook.io/guide/exams/exam-rank-02/level-2/ft_strspn.html]
[42-cursus.gitbook.io/guide/exams/exam-rank-02/level-2/ft_strdup.html]
[42-cursus.gitbook.io/guide/exams/exam-rank-02/level-2/ft_strpbrk.html]
[42-cursus.gitbook.io/guide/exams/exam-rank-02/level-2/ft_strrev.html]
[42-cursus.gitbook.io/guide/exams/exam-rank-02/level-2/inter.html]
[42-cursus.gitbook.io/guide/exams/exam-rank-02/level-2/last_word.html]
[42-cursus.gitbook.io/guide/exams/exam-rank-02/level-2/ft_is_power_2.html]
[42-cursus.gitbook.io/guide/exams/exam-rank-02/level-2/max.html]
[42-cursus.gitbook.io/guide/exams/exam-rank-02/level-2/print_bits.html]
[42-cursus.gitbook.io/guide/exams/exam-rank-02/level-2/reverse_bits.html]
[42-cursus.gitbook.io/guide/exams/exam-rank-02/level-2/wdmatch.html]
[42-cursus.gitbook.io/guide/exams/exam-rank-02/level-2/swap_bits.html]
[42-cursus.gitbook.io/guide/exams/exam-rank-02/level-2/union.html]
[42-cursus.gitbook.io/guide/exams/exam-rank-02/level-2/snake_to_camel.html]
[42-cursus.gitbook.io/guide/exams/exam-rank-02/level-3.html]
[42-cursus.gitbook.io/guide/exams/exam-rank-02/level-2/rocket-loader.min.html]
[42-cursus.gitbook.io/guide/exams/exam-rank-02/level-3/add_prime_sum.html]
[42-cursus.gitbook.io/guide/exams/exam-rank-02/level-3/epur_str.html]
[42-cursus.gitbook.io/guide/exams/exam-rank-02/level-3/expand_str.html]
[42-cursus.gitbook.io/guide/exams/exam-rank-02/level-3/ft_atoi_base.html]
[42-cursus.gitbook.io/guide/exams/exam-rank-02/level-3/ft_list_size.html]
[42-cursus.gitbook.io/guide/exams/exam-rank-02/level-3/ft_range.html]
[42-cursus.gitbook.io/guide/exams/exam-rank-02/level-3/ft_rrange.html]
[42-cursus.gitbook.io/guide/exams/exam-rank-02/level-3/hidenp.html]
[42-cursus.gitbook.io/guide/exams/exam-rank-02/level-3/lcm.html]
[42-cursus.gitbook.io/guide/exams/exam-rank-02/level-3/paramsum.html]
[42-cursus.gitbook.io/guide/exams/exam-rank-02/level-3/pgcd.html]
[42-cursus.gitbook.io/guide/exams/exam-rank-02/level-3/print_hex.html]
[42-cursus.gitbook.io/guide/exams/exam-rank-02/level-3/rstr_capitalizer.html]
[42-cursus.gitbook.io/guide/exams/exam-rank-02/level-3/str_capitalizer.html]
[42-cursus.gitbook.io/guide/exams/exam-rank-02/level-3/tab_mult.html]
[42-cursus.gitbook.io/guide/exams/exam-rank-02/level-4.html]
[42-cursus.gitbook.io/guide/exams/exam-rank-02/level-3/rocket-loader.min.html]
[42-cursus.gitbook.io/guide/exams/exam-rank-02/level-4/flood_fil.html]
[42-cursus.gitbook.io/guide/exams/exam-rank-03.html]
[42-cursus.gitbook.io/guide/exams/exam-rank-04.html]
[42-cursus.gitbook.io/guide/exams/exam-rank-05.html]
[42-cursus.gitbook.io/guide/exams/exam-rank-02/level-4/rocket-loader.min.html]
[42-cursus.gitbook.io/guide/exams/exam-rank-05/module-0.html]
[42-cursus.gitbook.io/guide/team.html]
[42-cursus.gitbook.io/guide/rocket-loader.min.html]
[42-cursus.gitbook.io/guide/useful-tools/rocket-loader.min.html]
[42-cursus.gitbook.io/index.html]
[42-cursus.gitbook.io/guide/minilibx/rocket-loader.min.html]
[42-cursus.gitbook.io/_gitbook/imagef7c0]
[42-cursus.gitbook.io/guide/rank-00/rocket-loader.min.html]
[42-cursus.gitbook.io/guide/rank-00.html]
[42-cursus.gitbook.io/guide/rank-00/libft/rocket-loader.min.html]
[42-cursus.gitbook.io/guide/rank-00/libft/libc-functions/rocket-loader.min.html]
[42-cursus.gitbook.io/guide/rank-00/libft/additional-functions/rocket-loader.min.html]
[42-cursus.gitbook.io/guide/rank-00/libft/bonus-functions/rocket-loader.min.html]
[42-cursus.gitbook.io/guide/rank-01/rocket-loader.min.html]
[42-cursus.gitbook.io/guide/rank-01.html]
[42-cursus.gitbook.io/guide/rank-01/born2beroot/rocket-loader.min.html]
[42-cursus.gitbook.io/_gitbook/imageb472]
[42-cursus.gitbook.io/_gitbook/image850f]
[42-cursus.gitbook.io/_gitbook/imagede68]
[42-cursus.gitbook.io/_gitbook/image2d65]
[42-cursus.gitbook.io/_gitbook/image8d91]
[42-cursus.gitbook.io/_gitbook/imageebb9]
[42-cursus.gitbook.io/_gitbook/imagee9ed]
[42-cursus.gitbook.io/_gitbook/image3ed8]
[42-cursus.gitbook.io/guide/rank-01/ft_printf/rocket-loader.min.html]
[42-cursus.gitbook.io/_gitbook/image6684]
[42-cursus.gitbook.io/_gitbook/image14e3]
[42-cursus.gitbook.io/_gitbook/imageae38]
[42-cursus.gitbook.io/guide/rank-01/get_next_line/rocket-loader.min.html]
[42-cursus.gitbook.io/guide/rank-02.html]
[42-cursus.gitbook.io/guide/rank-02/rocket-loader.min.html]
[42-cursus.gitbook.io/guide/rank-02/so_long/rocket-loader.min.html]
[42-cursus.gitbook.io/_gitbook/image8051]
[42-cursus.gitbook.io/_gitbook/image36f7]
[42-cursus.gitbook.io/_gitbook/image715a]
[42-cursus.gitbook.io/_gitbook/image8cf9]
[42-cursus.gitbook.io/_gitbook/image9eec]
[42-cursus.gitbook.io/_gitbook/imagee9c0]
[42-cursus.gitbook.io/_gitbook/image6a73]
[42-cursus.gitbook.io/guide/rank-02/pipex/rocket-loader.min.html]
[42-cursus.gitbook.io/_gitbook/image8ba0]
[42-cursus.gitbook.io/_gitbook/imagede49]
[42-cursus.gitbook.io/_gitbook/image19db]
[42-cursus.gitbook.io/_gitbook/image6530]
[42-cursus.gitbook.io/_gitbook/image7cc2]
[42-cursus.gitbook.io/_gitbook/imagec5fd]
[42-cursus.gitbook.io/_gitbook/image216b]
[42-cursus.gitbook.io/_gitbook/image7f86]
[42-cursus.gitbook.io/_gitbook/image78d6]
[42-cursus.gitbook.io/guide/rank-02/minitalk/rocket-loader.min.html]
[42-cursus.gitbook.io/_gitbook/image5d02]
[42-cursus.gitbook.io/_gitbook/imagea22e]
[42-cursus.gitbook.io/_gitbook/imageac25]
[42-cursus.gitbook.io/_gitbook/image0a52]
[42-cursus.gitbook.io/_gitbook/image236a]
[42-cursus.gitbook.io/_gitbook/imagead51]
[42-cursus.gitbook.io/_gitbook/image23d1]
[42-cursus.gitbook.io/guide/rank-02/push_swap/rocket-loader.min.html]
[42-cursus.gitbook.io/_gitbook/image7581]
[42-cursus.gitbook.io/_gitbook/image030f]
[42-cursus.gitbook.io/_gitbook/image6e19]
[42-cursus.gitbook.io/_gitbook/imagedf3a]
[42-cursus.gitbook.io/guide/rank-02/fdf/rocket-loader.min.html]
[42-cursus.gitbook.io/_gitbook/image95bb]
[42-cursus.gitbook.io/guide/rank-03.html]
[42-cursus.gitbook.io/guide/rank-03/rocket-loader.min.html]
[42-cursus.gitbook.io/guide/rank-03/philosophers/rocket-loader.min.html]
[42-cursus.gitbook.io/guide/rank-03/minishell/rocket-loader.min.html]
[42-cursus.gitbook.io/guide/rank-04.html]
[42-cursus.gitbook.io/guide/rank-04/rocket-loader.min.html]
[42-cursus.gitbook.io/guide/rank-04/cpp-00-04-doing/rocket-loader.min.html]
[42-cursus.gitbook.io/_gitbook/image8f3a]
[42-cursus.gitbook.io/_gitbook/imagef46e]
[42-cursus.gitbook.io/_gitbook/imageb9f8]
[42-cursus.gitbook.io/guide/rank-04/netpractice/rocket-loader.min.html]
[42-cursus.gitbook.io/_gitbook/image0f29]
[42-cursus.gitbook.io/guide/rank-04/netpractice/tcp-ic-and-masks.html]
[42-cursus.gitbook.io/_gitbook/imageff11]
[42-cursus.gitbook.io/_gitbook/imagef150]
[42-cursus.gitbook.io/guide/rank-04/minirt/rocket-loader.min.html]
[42-cursus.gitbook.io/_gitbook/image3ec7]
[42-cursus.gitbook.io/_gitbook/imageffa7]
[42-cursus.gitbook.io/_gitbook/imageff4f]
[42-cursus.gitbook.io/guide/rank-05.html]
[42-cursus.gitbook.io/guide/rank-05/rocket-loader.min.html]
[42-cursus.gitbook.io/guide/rank-05/cpp-05-09-to-do/rocket-loader.min.html]
[42-cursus.gitbook.io/_gitbook/imagec1cd]
[42-cursus.gitbook.io/guide/rank-05/inception-doing/rocket-loader.min.html]
[42-cursus.gitbook.io/guide/rank-06.html]
[42-cursus.gitbook.io/guide/rank-06/rocket-loader.min.html]
[42-cursus.gitbook.io/guide/exams.html]
[42-cursus.gitbook.io/guide/exams/rocket-loader.min.html]
[42-cursus.gitbook.io/guide/exams/exam-rank-02/rocket-loader.min.html]
[42-cursus.gitbook.io/guide/exams/exam-rank-02/level-1/rocket-loader.min.html]
[42-cursus.gitbook.io/guide/exams/exam-rank-02/level-2/rocket-loader.min.html]
[42-cursus.gitbook.io/guide/exams/exam-rank-02/level-3/rocket-loader.min.html]
[42-cursus.gitbook.io/guide/exams/exam-rank-02/level-4/rocket-loader.min.html]
[42-cursus.gitbook.io/guide/exams/exam-rank-05/rocket-loader.min.html]
[42-cursus.gitbook.io/guide/exams/exam-rank-05/rocket-loader.min.html]
[42-cursus.gitbook.io/guide/index.html]
